>>> Sada testovacich SQL dotazu: alter
STRING '***';CHARACTER SET 0 4;STRING '***';COLLATE 0 4;DATABASE THIS;ALTER DATABASE;STMT;1;0;
STRING '***';CHARACTER SET 1 4;STRING '***';COLLATE 0 4;DATABASE THIS;ALTER DATABASE;STMT;1;0;
STRING '***';CHARACTER SET 0 4;STRING '***';COLLATE 0 4;DATABASE test;ALTER DATABASE;STMT;1;0;
STRING '***';CHARACTER SET 0 4;STRING '***';COLLATE 0 4;DATABASE test;ALTER DATABASE;STMT;1;0;
DATABASE #mysql50#a-b-c;ALTER DATABASE UPGRADE;STMT;1;0;
DATABASE test;ALTER DATABASE UPGRADE;STMT;1;0;
