>>> Sada testovacich SQL dotazu: komentare
SELECTALL;TABLE authors;SELECT 0 1 1;STMT;1;0;
SELECTALL;TABLE authors;SELECT 0 1 1;STMT;1;0;
SELECTALL;TABLE authors;SELECT 0 1 1;STMT;1;0;
NUMBER 1;SELECTNODATA 0 1;STMT;1;0;
