>>> Sada testovacich SQL dotazu: delete
# drop table
TABLE Employees;TABLE Customers;DROPTABLE 0 0 2 0;STMT;1;0;
TABLE authors;DROPTABLE 1 0 1 0;STMT;1;0;
TABLE t1;DROPTABLE 0 1 0 0;STMT;1;0;
TABLE t1;TABLE t2;TABLE t3;DROPTABLE 0 1 14 0;STMT;1;0;
TABLE t1;TABLE t2;DROPTABLE 0 1 0 0;STMT;1;0;
TABLE t1;TABLE t2;DROPTABLE 0 1 0 1;STMT;1;0;
TABLE t1;TABLE t2;DROPTABLE 0 1 0 2;STMT;1;0;
TABLE t1;TABLE t2;TABLE t3;DROPTABLE 0 1 14 2;STMT;1;0;
# delete table
NAME timestmp;ORDERBY 0;ORDERBYLIST 1;NUMBER 1000000;LIMIT 1;TABLE page_hit;DELETE ONE 0;STMT;1;0;
TABLE t;DELETE ONE 0;STMT;1;0;
TABLE post;TABLE blog;TABLE post;JOIN 101;FIELDNAME blog.id;FIELDNAME post.blog_id;CMP 4;WHERE;DELETE MULTI 0 1 1;STMT;1;0;
NAME id;NUMBER 3;CMP 4;WHERE;TABLE MyGuests;DELETE ONE 0;STMT;1;0;
# Truncate
TABLE authors;TRUNCATE 0;STMT;1;0;
TABLE authors;TRUNCATE 0;STMT;1;0;
TABLE authors;TRUNCATE 0;STMT;1;0;
TABLE authors;TRUNCATE 5;STMT;1;0;
TABLE authors;TRUNCATE 0;STMT;1;0;
TABLE authors;TRUNCATE 5;STMT;1;0;
