>>> Sada testovacich SQL dotazu: insert
COLUMN b;COLUMN c;INSERTCOLS 2;NUMBER 1;NUMBER 2;VALUES 2;TABLE a;INSERT VALS 0 1;STMT;1;0;
NUMBER 10;NUMBER 10;VALUES 2;NUMBER 20;NUMBER 20;VALUES 2;TABLE t1;INSERT VALS 0 2;STMT;1;0;
COLUMN b;COLUMN c;INSERTCOLS 2;NUMBER 1;NUMBER 2;VALUES 2;TABLE a;INSERT VALS 1 1;STMT;1;0;
COLUMN b;COLUMN c;INSERTCOLS 2;NUMBER 1;NUMBER 2;VALUES 2;TABLE a;INSERT VALS 2 1;STMT;1;0;
COLUMN b;COLUMN c;INSERTCOLS 2;NUMBER 1;NUMBER 2;VALUES 2;TABLE a;INSERT VALS 4 1;STMT;1;0;
COLUMN b;COLUMN c;INSERTCOLS 2;NUMBER 1;NUMBER 2;VALUES 2;TABLE a;INSERT VALS 9 1;STMT;1;0;
COLUMN b;COLUMN c;INSERTCOLS 2;NUMBER 1;NUMBER 2;VALUES 2;TABLE a;INSERT VALS 10 1;STMT;1;0;
COLUMN b;COLUMN c;INSERTCOLS 2;NUMBER 1;NUMBER 2;VALUES 2;TABLE a;INSERT VALS 12 1;STMT;1;0;
COLUMN b;COLUMN c;INSERTCOLS 2;NUMBER 1;NUMBER 2;VALUES 2;TABLE a;INSERT VALS 8 1;STMT;1;0;
COLUMN first_name;COLUMN last_name;INSERTCOLS 2;STRING '***';STRING '***';VALUES 2;TABLE person;INSERT VALS 0 1;STMT;1;0;
NUMBER 1;STRING '***';VALUES 2;NUMBER 2;STRING '***';VALUES 2;TABLE tbl_name;INSERT VALS 0 2;STMT;1;0;
STRING '***';ASSIGN first_name;STRING '***';ASSIGN last_name;TABLE person;INSERT ASGN 0 2;STMT;1;0;
SELECTALL;TABLE person;NAME status;STRING '***';CMP 4;WHERE;SELECT 0 1 1;TABLE contractor;INSERT SELECT 0;STMT;1;0;
COLUMN b;COLUMN c;INSERTCOLS 2;NUMBER 1;STRING '***';NUMBER 15;VALUES 3;NAME c;NUMBER 15;ADD;ASSIGN c;DUPUPDATE 1;TABLE a;INSERT VALS 0 1;STMT;1;0;
DEFAULT;ASSIGN first_name;TABLE person;INSERT ASGN 0 1;STMT;1;0;
DEFAULT;ASSIGN person.first_name;TABLE person;INSERT ASGN 0 1;STMT;1;0;
DEFAULT;ASSIGN first_name;DEFAULT;ASSIGN last_name;TABLE person;INSERT ASGN 0 2;STMT;1;0;
DEFAULT;ASSIGN person.first_name;DEFAULT;ASSIGN person.last_name;TABLE person;INSERT ASGN 0 2;STMT;1;0;
