>>> Sada testovacich SQL dotazu: identifikatory
# Obecne identifikatory
SELECTALL;TABLE abc;SELECT 0 1 1;STMT;1;0;
SELECTALL;TABLE 1abc;SELECT 0 1 1;STMT;1;0;
SELECTALL;TABLE $abc;SELECT 0 1 1;STMT;1;0;
SELECTALL;TABLE ab$cd;SELECT 0 1 1;STMT;1;0;
SELECTALL;TABLE ab_cd;SELECT 0 1 1;STMT;1;0;
SELECTALL;TABLE 123%;SELECT 0 1 1;STMT;1;0;
SELECTALL;TABLE TABLE;SELECT 0 1 1;STMT;1;0;
SELECTALL;TABLE čeština;SELECT 0 1 1;STMT;1;0;
SELECTALL;TABLE t2.čeština;SELECT 0 1 1;STMT;1;0;
SELECTALL;TABLE abc"d;SELECT 0 1 1;STMT;1;0;
TABLE *;COLUMN 40000 a;CREATE 0 0 0 1;STMT;1;0;
FIELDNAME t1.i;TABLE t1;SELECT 0 1 1;STMT;1;0;
FIELDNAME test.t1.i;TABLE t1;SELECT 0 1 1;STMT;1;0;
FIELDNAME test.t1.i;TABLE t1;SELECT 0 1 1;STMT;1;0;
FIELDNAME t1.i;TABLE test.t1;SELECT 0 1 1;STMT;1;0;
# Uzivatelske promenne
USERVAR x;ISNULL;SELECTNODATA 0 1;STMT;1;0;
USERVAR `var_name`;ISNULL;SELECTNODATA 0 1;STMT;1;0;
USERVAR 'var_name';ISNULL;SELECTNODATA 0 1;STMT;1;0;
USERVAR "var_name";ISNULL;SELECTNODATA 0 1;STMT;1;0;
NUMBER 0;SET a;STMT;1;0;
STRING '***';SET a;STMT;1;0;
NUMBER 42;SET a.b;STMT;1;0;
NUMBER 444;SET a$b;STMT;1;0;
NUMBER 111;SET a_b;STMT;1;0;
NUMBER 1;SET a;NUMBER 2;SET b;NUMBER 3;SET c;STMT;1;0;
USERVAR a;USERVAR a;USERVAR b;ADD;ASSIGN @b;SELECTNODATA 0 2;STMT;1;0;
