>>> Sada testovacich SQL dotazu: cisla
# Binarni retezce
STRING '***';SELECTNODATA 0 1;STMT;1;0;
STRING '***';SELECTNODATA 0 1;STMT;1;0;
STRING '***';SELECTNODATA 0 1;STMT;1;0;
# Hexadecimalni retezce
STRING '***';SELECTNODATA 0 1;STMT;1;0;
STRING '***';SELECTNODATA 0 1;STMT;1;0;
STRING '***';SELECTNODATA 0 1;STMT;1;0;
NUMBER 0;STRING '***';ADD;SELECTNODATA 0 1;STMT;1;0;
# Cela a realna cisla
NUMBER 10;SELECTNODATA 0 1;STMT;1;0;
NUMBER 10;SELECTNODATA 0 1;STMT;1;0;
NUMBER -10;SELECTNODATA 0 1;STMT;1;0;
FLOAT 0.1;SELECTNODATA 0 1;STMT;1;0;
FLOAT 0.1;SELECTNODATA 0 1;STMT;1;0;
FLOAT 0.1;SELECTNODATA 0 1;STMT;1;0;
FLOAT 0.1;SELECTNODATA 0 1;STMT;1;0;
FLOAT 200;SELECTNODATA 0 1;STMT;1;0;
FLOAT 200;SELECTNODATA 0 1;STMT;1;0;
FLOAT 20;SELECTNODATA 0 1;STMT;1;0;
FLOAT 1.1e-10;SELECTNODATA 0 1;STMT;1;0;
FLOAT -1.1e+10;SELECTNODATA 0 1;STMT;1;0;
# Bool
SELECTALL;TABLE atbl;NAME b;BOOL 1;CMP 4;WHERE;SELECT 0 1 1;STMT;1;0;
SELECTALL;TABLE atbl;NAME b;BOOL 0;CMP 4;WHERE;SELECT 0 1 1;STMT;1;0;
SELECTALL;TABLE atbl;NAME b;BOOL -1;CMP 4;WHERE;SELECT 0 1 1;STMT;1;0;
SELECTALL;TABLE atbl;NAME b;NULL;CMP 4;WHERE;SELECT 0 1 1;STMT;1;0;
