>>> Sada testovacich SQL dotazu: replace
NUMBER 1;NUMBER 2;VALUES 2;TABLE t1;REPLACE VALS 0 1;STMT;1;0;
NUMBER 1;NUMBER 2;VALUES 2;TABLE t1;REPLACE VALS 1 1;STMT;1;0;
NUMBER 1;NUMBER 2;VALUES 2;TABLE t1;REPLACE VALS 2 1;STMT;1;0;
NUMBER 1;ASSIGN a;NUMBER 2;ASSIGN b;TABLE t1;REPLACE ASGN 0 2;STMT;1;0;
SELECTALL;TABLE t2;SELECT 0 1 1;TABLE t1;REPLACE SELECT 1;STMT;1;0;
NUMBER 1;STRING '***';STRING '***';VALUES 3;TABLE test;REPLACE VALS 0 1;STMT;1;0;
NUMBER 1;STRING '***';STRING '***';VALUES 3;TABLE test2;REPLACE VALS 0 1;STMT;1;0;
