>>> Sada testovacich SQL dotazu: retezce
STRING '***';SELECTNODATA 0 1;STMT;1;0;
STRING '***';SELECTNODATA 0 1;STMT;1;0;
STRING '***';SELECTNODATA 0 1;STMT;1;0;
STRING '***';SELECTNODATA 0 1;STMT;1;0;
STRING '***';SELECTNODATA 0 1;STMT;1;0;
STRING '***';SELECTNODATA 0 1;STMT;1;0;
STRING '***';SELECTNODATA 0 1;STMT;1;0;
STRING '***';SELECTNODATA 0 1;STMT;1;0;
STRING '***';SELECTNODATA 0 1;STMT;1;0;
STRING '***';SELECTNODATA 0 1;STMT;1;0;
STRING '***';SELECTNODATA 0 1;STMT;1;0;
STRING '***';SELECTNODATA 0 1;STMT;1;0;
STRING '***';SELECTNODATA 0 1;STMT;1;0;
