>>> Sada testovacich SQL dotazu: union
NUMBER 1;NUMBER 1;ADD;SELECTNODATA 0 1;NUMBER 2;SELECTNODATA 0 1;UNION 0;STMT;2;0;
NUMBER 1;NUMBER 1;ADD;SELECTNODATA 0 1;NUMBER 2;SELECTNODATA 0 1;UNION 1;STMT;2;0;
NUMBER 1;NUMBER 1;ADD;SELECTNODATA 0 1;NUMBER 2;SELECTNODATA 0 1;UNION 2;STMT;2;0;
SELECTALL;TABLE authors;NAME AuthorID;NUMBER -1;CMP 4;WHERE;SELECT 0 1 1;NUMBER 1;NUMBER 2;NUMBER 3;NUMBER 4;NUMBER 5;NUMBER 6;TABLE author;SELECT 0 6 1;UNION 0;STMT;2;0;
SELECTALL;TABLE authors;NAME AuthorID;NUMBER -1;CMP 4;WHERE;SELECT 0 1 1;NUMBER 1;NAME authorid;STRING '***';NAME email;STRING '***';NAME password;CALL 5 CONCAT;NUMBER 3;NUMBER 4;NUMBER 5;NUMBER 6;TABLE authors;SELECT 0 6 1;UNION 0;STMT;2;0;
NAME e_name;ALIAS name;NAME email;TABLE employees;SELECT 0 2 1;NAME c_name;ALIAS name;NAME email;TABLE customers;SELECT 0 2 1;UNION 0;STMT;2;0;
STRING '***';ALIAS name;STRING '***';ALIAS email;SELECTNODATA 0 2;NAME name;NAME email;TABLE customers;SELECT 0 2 1;UNION 0;STMT;2;0;
NAME name;NAME email;TABLE employees;SELECT 0 2 1;NAME name;NAME email;TABLE customers;SELECT 0 2 1;NAME name;ORDERBY 0;ORDERBYLIST 1;UNION 0;STMT;2;0;
NAME a;TABLE t1;NAME a;NUMBER 10;CMP 4;NAME B;NUMBER 1;CMP 4;AND;WHERE;SELECT 0 1 1;NAME a;TABLE t2;NAME a;NUMBER 11;CMP 4;NAME B;NUMBER 2;CMP 4;AND;WHERE;SELECT 0 1 1;NAME a;ORDERBY 0;ORDERBYLIST 1;NUMBER 10;LIMIT 1;UNION 0;STMT;2;0;
NUMBER 1;SELECTNODATA 0 1;NUMBER 2;SELECTNODATA 0 1;UNION 0;NUMBER 3;SELECTNODATA 0 1;UNION 0;STMT;3;0;
NUMBER 1;SELECTNODATA 0 1;NUMBER 2;SELECTNODATA 0 1;UNION 0;NUMBER 3;SELECTNODATA 0 1;NUMBER 10;NUMBER 25;LIMIT 3;UNION 0;STMT;3;0;
