>>> Sada testovacich SQL dotazu: update
STRING '***';ASSIGN lastname;NAME id;NUMBER 2;CMP 4;WHERE;TABLE MyGuests;UPDATE ONE 0;STMT;1;0;
STRING '***';ASSIGN lastname;NAME id;NUMBER 2;CMP 4;WHERE;TABLE MyGuests;UPDATE ONE 1;STMT;1;0;
STRING '***';ASSIGN lastname;NAME id;NUMBER 2;CMP 4;WHERE;TABLE MyGuests;UPDATE ONE 2;STMT;1;0;
STRING '***';ASSIGN lastname;NAME id;NUMBER 2;CMP 4;WHERE;TABLE MyGuests;UPDATE ONE 3;STMT;1;0;
DEFAULT;ASSIGN lastname;NAME id;NUMBER 2;CMP 4;WHERE;TABLE MyGuests;UPDATE ONE 2;STMT;1;0;
DEFAULT;ASSIGN MyGuests.lastname;NAME id;NUMBER 2;CMP 4;WHERE;TABLE MyGuests;UPDATE ONE 2;STMT;1;0;
TABLE tab1;TABLE tab2;DEFAULT;ASSIGN column1;DEFAULT;ASSIGN column2;FIELDNAME tab1.id;FIELDNAME tab2.id;CMP 4;WHERE;UPDATE MULTI 0 2 2;STMT;1;0;
TABLE tab1;TABLE tab2;DEFAULT;ASSIGN tab1.column1;DEFAULT;ASSIGN tab1.column2;FIELDNAME tab1.id;FIELDNAME tab2.id;CMP 4;WHERE;UPDATE MULTI 0 2 1;STMT;1;0;
NAME value1;ASSIGN column1;NAME value2;ASSIGN column2;NAME id;NUMBER 100;CMP 4;WHERE;TABLE table_name;UPDATE ONE 0;STMT;1;0;
TABLE tab1;TABLE tab2;NAME value1;ASSIGN tab1.column1;NAME value2;ASSIGN tab1.column2;FIELDNAME tab1.id;FIELDNAME tab2.id;CMP 4;WHERE;UPDATE MULTI 0 2 1;STMT;1;0;
TABLE tab1;TABLE tab2;NAME value1;ASSIGN tab1.column1;NAME value2;ASSIGN tab1.column2;FIELDNAME tab1.id;FIELDNAME tab2.id;CMP 4;WHERE;UPDATE MULTI 1 2 1;STMT;1;0;
TABLE tab1;TABLE tab2;NAME value1;ASSIGN tab1.column1;NAME value2;ASSIGN tab1.column2;FIELDNAME tab1.id;FIELDNAME tab2.id;CMP 4;WHERE;UPDATE MULTI 2 2 1;STMT;1;0;
TABLE tab1;TABLE tab2;NAME value1;ASSIGN tab1.column1;NAME value2;ASSIGN tab1.column2;FIELDNAME tab1.id;FIELDNAME tab2.id;CMP 4;WHERE;UPDATE MULTI 3 2 1;STMT;1;0;
TABLE tableA;TABLE tableB;FIELDNAME tableB.color;ASSIGN tableA.color;FIELDNAME tableA.id;FIELDNAME tableB.id;CMP 4;WHERE;UPDATE MULTI 0 2 1;STMT;1;0;
NAME value1;ASSIGN column1;NAME value2;ASSIGN column2;NAME id;ORDERBY 0;ORDERBYLIST 1;TABLE table_name;UPDATE ONE 0;STMT;1;0;
NAME value1;ASSIGN column1;NAME value2;ASSIGN column2;NUMBER 2;LIMIT 1;TABLE table_name;UPDATE ONE 0;STMT;1;0;
NAME value1;ASSIGN column1;NAME value2;ASSIGN column2;NAME id;NUMBER 100;CMP 4;WHERE;NAME id;ORDERBY 0;ORDERBYLIST 1;NUMBER 25;LIMIT 1;TABLE table_name;UPDATE ONE 0;STMT;1;0;
STRING '***';ASSIGN x;NAME x;STRING '***';CMP 4;WHERE;NAME i;ORDERBY 2;ORDERBYLIST 1;NUMBER 1;LIMIT 1;TABLE seq;UPDATE ONE 0;STMT;1;0;
